######## TEAMMATE v1
== 1. operation frequencies
                                REAL France S2  ...  S3 ratio synth/real
blank address                           0.0306  ...               1.2000
made-up syllable name                   0.0086  ...               0.0000
acronym name (2-4 caps)                 0.0150  ...               0.6119
domain name (.com)                      0.0349  ...               0.2248
alias (dba/aka/t/a/formerly)            0.0000  ...               0.1006
filler word                             0.0711  ...               0.4090
legal form in front                     0.0505  ...               0.4322
bracketed word                          0.1024  ...               1.3149
name UPPERCASE                          0.2080  ...               3.2765
name lowercase                          0.0654  ...               1.5370
accent in name                          0.2454  ...               1.1301
injected accent (çlub/àmicale)          0.0704  ...               1.1723
OCR digit in word                       0.0020  ...               1.0583
address UPPERCASE                       0.2898  ...                  NaN
address N°/No                           0.0664  ...               0.6753
address (43) parens number              0.0166  ...               0.0008
address abbreviated R./Bd/Av            0.2535  ...               0.0239
address leading zero                    0.0336  ...               1.6085
address range 12-14                     0.0008  ...               1.0379
address department not region           0.2794  ...               0.0097
address has no region/dept              0.3576  ...               0.8037

[21 rows x 6 columns]

== 2. size/density
real France: S1 259,452  targets 1,434,993  per S1 5.531 | synth: S1 220,535 targets 1,223,530 per S1 5.548; synth decoy share 0.374; labelled S1 220,535
synth copies per labelled S1: {0: 0.056, 1: 0.054, 2: 0.17, 3: 0.24, 4: 0.218, 5: 0.146, 6: 0.071, 7: 0.03, 8: 0.015}

== 3. true-copy rate per operation in SYNTH (train truth for reference in DATASET_STATISTICS.md §7)
  blank address                    synth true-copy rate 0.629  (n=42,798)
  acronym name (2-4 caps)          synth true-copy rate 0.648  (n=13,657)
  domain name (.com)               synth true-copy rate 0.626  (n=9,609)
  alias (dba/aka/t/a/formerly)     synth true-copy rate 0.474  (n=1,691)
  filler word                      synth true-copy rate 0.088  (n=40,743)
  legal form in front              synth true-copy rate 0.489  (n=26,118)
  bracketed word                   synth true-copy rate 0.480  (n=160,374)
  name UPPERCASE                   synth true-copy rate 0.588  (n=224,906)
  name lowercase                   synth true-copy rate 0.607  (n=123,297)
  accent in name                   synth true-copy rate 0.583  (n=331,589)
  injected accent (çlub/àmicale)   synth true-copy rate 0.578  (n=97,533)
  OCR digit in word                synth true-copy rate 0.549  (n=2,443)
  address UPPERCASE                synth true-copy rate 0.624  (n=182,213)
  address N°/No                    synth true-copy rate 0.625  (n=93,439)
  address (43) parens number       synth true-copy rate 0.571  (n=28)
  address abbreviated R./Bd/Av     synth true-copy rate 0.572  (n=9,731)
  address leading zero             synth true-copy rate 0.682  (n=63,574)
  address range 12-14              synth true-copy rate 0.635  (n=947)
  address department not region    synth true-copy rate 0.618  (n=3,247)
  address has no region/dept       synth true-copy rate 0.624  (n=334,834)

== 4. decoy recipe (unique exact-name matches): share of records by legal x number
                       REAL n  SYNTH n  ...  REAL share  SYNTH share
legal      number                       ...                         
legal DIFF digit drop    1335      960  ...       0.004        0.003
           nearby       36224     2906  ...       0.107        0.008
           no number     1824      793  ...       0.005        0.002
           other         9920     8049  ...       0.029        0.022
           same         22009    15726  ...       0.065        0.043
legal same digit drop     600     2159  ...       0.002        0.006
           nearby        7486     3647  ...       0.022        0.010
           no number     8592     4139  ...       0.025        0.011
           other         3383    20211  ...       0.010        0.055
           same        124154   133398  ...       0.367        0.361
no legal   digit drop     730     2801  ...       0.002        0.008
           nearby        7299     5866  ...       0.022        0.016
           no number     7178     4561  ...       0.021        0.012
           other         4973    26088  ...       0.015        0.071
           same        102421   137974  ...       0.303        0.374

[15 rows x 5 columns]
   (train truth: legal DIFF+nearby 2.2% true, legal DIFF+same 98.5%, legal same+digit drop 99.6%)
real   S1: in namesake group 0.518; address shared 0.106
synth  S1: in namesake group 0.499; address shared 0.097

######## OUR v2
== 1. operation frequencies
                                REAL France S2  ...  S3 ratio synth/real
blank address                           0.0306  ...               1.2590
made-up syllable name                   0.0086  ...               0.9707
acronym name (2-4 caps)                 0.0150  ...               1.1220
domain name (.com)                      0.0349  ...               0.6811
alias (dba/aka/t/a/formerly)            0.0000  ...               1.3194
filler word                             0.0711  ...               0.6675
legal form in front                     0.0505  ...               0.7702
bracketed word                          0.1024  ...               1.1419
name UPPERCASE                          0.2080  ...               1.3167
name lowercase                          0.0654  ...               1.2676
accent in name                          0.2454  ...               0.8554
injected accent (çlub/àmicale)          0.0704  ...               0.4376
OCR digit in word                       0.0020  ...               0.0025
address UPPERCASE                       0.2898  ...                  NaN
address N°/No                           0.0664  ...               0.1046
address (43) parens number              0.0166  ...               0.0000
address abbreviated R./Bd/Av            0.2535  ...               0.7119
address leading zero                    0.0336  ...               0.6047
address range 12-14                     0.0008  ...               1.1315
address department not region           0.2794  ...               0.8109
address has no region/dept              0.3576  ...               0.8179

[21 rows x 6 columns]

== 2. size/density
real France: S1 259,452  targets 1,434,993  per S1 5.531 | synth: S1 220,535 targets 1,219,793 per S1 5.531; synth decoy share 0.374; labelled S1 220,535
synth copies per labelled S1: {0: 0.056, 1: 0.054, 2: 0.17, 3: 0.24, 4: 0.219, 5: 0.146, 6: 0.074, 7: 0.03, 8: 0.012}

== 3. true-copy rate per operation in SYNTH (train truth for reference in DATASET_STATISTICS.md §7)
  blank address                    synth true-copy rate 0.807  (n=45,708)
  made-up syllable name            synth true-copy rate 0.806  (n=17,765)
  acronym name (2-4 caps)          synth true-copy rate 0.805  (n=24,741)
  domain name (.com)               synth true-copy rate 0.809  (n=28,537)
  alias (dba/aka/t/a/formerly)     synth true-copy rate 0.809  (n=11,700)
  filler word                      synth true-copy rate 0.329  (n=60,758)
  legal form in front              synth true-copy rate 0.546  (n=46,311)
  bracketed word                   synth true-copy rate 0.681  (n=139,203)
  name UPPERCASE                   synth true-copy rate 0.643  (n=175,783)
  name lowercase                   synth true-copy rate 0.667  (n=102,639)
  accent in name                   synth true-copy rate 0.622  (n=250,171)
  injected accent (çlub/àmicale)   synth true-copy rate 0.804  (n=36,672)
  OCR digit in word                synth true-copy rate 0.857  (n=7)
  address UPPERCASE                synth true-copy rate 0.619  (n=271,244)
  address N°/No                    synth true-copy rate 0.615  (n=14,254)
  address abbreviated R./Bd/Av     synth true-copy rate 0.618  (n=286,156)
  address leading zero             synth true-copy rate 0.624  (n=23,857)
  address range 12-14              synth true-copy rate 0.619  (n=964)
  address department not region    synth true-copy rate 0.618  (n=234,155)
  address has no region/dept       synth true-copy rate 0.638  (n=451,389)

== 4. decoy recipe (unique exact-name matches): share of records by legal x number
                       REAL n  SYNTH n  ...  REAL share  SYNTH share
legal      number                       ...                         
legal DIFF digit drop    1335     4961  ...       0.004        0.014
           nearby       36224    59116  ...       0.107        0.164
           no number     1824      553  ...       0.005        0.002
           other         9920    18783  ...       0.029        0.052
           same         22009     5400  ...       0.065        0.015
legal same digit drop     600     2743  ...       0.002        0.008
           nearby        7486     1642  ...       0.022        0.005
           no number     8592      716  ...       0.025        0.002
           other         3383     2718  ...       0.010        0.008
           same        124154   143642  ...       0.367        0.399
no legal   digit drop     730     2820  ...       0.002        0.008
           nearby        7299     4611  ...       0.022        0.013
           no number     7178      665  ...       0.021        0.002
           other         4973     6962  ...       0.015        0.019
           same        102421   104433  ...       0.303        0.290

[15 rows x 5 columns]
   (train truth: legal DIFF+nearby 2.2% true, legal DIFF+same 98.5%, legal same+digit drop 99.6%)
real   S1: in namesake group 0.518; address shared 0.106
synth  S1: in namesake group 0.499; address shared 0.098
