DENSE_PAIRS 20138464
INDEX 200000 terms=742935
INDEX 400000 terms=1203480
INDEX 600000 terms=1622020
INDEX 800000 terms=2016337
INDEX 1000000 terms=2394427
INDEX 1200000 terms=2760194
INDEX 1400000 terms=3117408
INDEX 1600000 terms=3466540
INDEX 1800000 terms=3808941
INDEX 2000000 terms=4145815
INDEX 2200000 terms=4477423
INDEX_COMPLETE anchors=2206821 terms=4488701 seconds=12.0324
QUERY 102400 pairs=1223440 sec=41.6189 qps=2460.42 link_recall=0.985209
QUERY 204800 pairs=2412504 sec=82.5226 qps=2481.74 link_recall=0.985304
QUERY 307200 pairs=3598487 sec=124.665 qps=2464.2 link_recall=0.985165
QUERY 409600 pairs=4793137 sec=167.693 qps=2442.56 link_recall=0.985178
QUERY 512000 pairs=5991617 sec=210.876 qps=2427.97 link_recall=0.985281
QUERY 614400 pairs=7193939 sec=254.223 qps=2416.78 link_recall=0.985188
QUERY 716800 pairs=8383024 sec=296.813 qps=2414.99 link_recall=0.98511
QUERY 819200 pairs=9580689 sec=339.427 qps=2413.48 link_recall=0.985108
QUERY 921600 pairs=10768469 sec=381.72 qps=2414.34 link_recall=0.985048
DONE queries=1000000 pairs=11662609 link_recall=0.985092
