Loading weights:   0%|          | 0/199 [00:00<?, ?it/s]Loading weights:   3%|▎         | 5/199 [00:00<00:27,  7.14it/s]Loading weights: 100%|██████████| 199/199 [00:00<00:00, 278.80it/s]
train_s1 64000 / 2206821 records_per_second 1272.3
train_s1 128000 / 2206821 records_per_second 1196.1
train_s1 192000 / 2206821 records_per_second 1104.2
train_s1 256000 / 2206821 records_per_second 1020.8
train_s1 320000 / 2206821 records_per_second 1003.5
train_s1 384000 / 2206821 records_per_second 1020.1
train_s1 448000 / 2206821 records_per_second 1016.8
train_s1 512000 / 2206821 records_per_second 1005.6
train_s1 576000 / 2206821 records_per_second 992.9
train_s1 640000 / 2206821 records_per_second 1001.0
train_s1 704000 / 2206821 records_per_second 1009.8
train_s1 768000 / 2206821 records_per_second 1013.5
train_s1 832000 / 2206821 records_per_second 1013.9
train_s1 896000 / 2206821 records_per_second 1018.0
train_s1 960000 / 2206821 records_per_second 1015.3
train_s1 1024000 / 2206821 records_per_second 1010.0
train_s1 1088000 / 2206821 records_per_second 1011.9
train_s1 1152000 / 2206821 records_per_second 1014.1
train_s1 1216000 / 2206821 records_per_second 1016.8
train_s1 1280000 / 2206821 records_per_second 1010.1
train_s1 1344000 / 2206821 records_per_second 1008.3
train_s1 1408000 / 2206821 records_per_second 1004.3
train_s1 1472000 / 2206821 records_per_second 1007.7
train_s1 1536000 / 2206821 records_per_second 1010.4
train_s1 1600000 / 2206821 records_per_second 1011.1
train_s1 1664000 / 2206821 records_per_second 1014.2
train_s1 1728000 / 2206821 records_per_second 1015.7
train_s1 1792000 / 2206821 records_per_second 1015.9
train_s1 1856000 / 2206821 records_per_second 1019.0
train_s1 1920000 / 2206821 records_per_second 1020.9
train_s1 1984000 / 2206821 records_per_second 1023.4
train_s1 2048000 / 2206821 records_per_second 1023.6
train_s1 2112000 / 2206821 records_per_second 1023.9
train_s1 2176000 / 2206821 records_per_second 1025.6
ENCODED train_s1 2206821 seconds 2151.2878379821777
test_s1 64000 / 1732544 records_per_second 966.0
test_s1 128000 / 1732544 records_per_second 986.9
test_s1 192000 / 1732544 records_per_second 1008.8
test_s1 256000 / 1732544 records_per_second 1008.7
test_s1 320000 / 1732544 records_per_second 1016.8
test_s1 384000 / 1732544 records_per_second 979.4
test_s1 448000 / 1732544 records_per_second 969.2
test_s1 512000 / 1732544 records_per_second 984.3
test_s1 576000 / 1732544 records_per_second 994.8
test_s1 640000 / 1732544 records_per_second 1002.4
test_s1 704000 / 1732544 records_per_second 1008.4
test_s1 768000 / 1732544 records_per_second 1012.6
test_s1 832000 / 1732544 records_per_second 1016.7
test_s1 896000 / 1732544 records_per_second 1019.4
test_s1 960000 / 1732544 records_per_second 1014.2
test_s1 1024000 / 1732544 records_per_second 1011.4
test_s1 1088000 / 1732544 records_per_second 1014.4
test_s1 1152000 / 1732544 records_per_second 1019.1
test_s1 1216000 / 1732544 records_per_second 1018.8
test_s1 1280000 / 1732544 records_per_second 1020.4
test_s1 1344000 / 1732544 records_per_second 1020.8
test_s1 1408000 / 1732544 records_per_second 1022.6
test_s1 1472000 / 1732544 records_per_second 1023.7
test_s1 1536000 / 1732544 records_per_second 1025.4
test_s1 1600000 / 1732544 records_per_second 1027.0
test_s1 1664000 / 1732544 records_per_second 1028.1
test_s1 1728000 / 1732544 records_per_second 1028.5
test_s1 1732544 / 1732544 records_per_second 1028.3
ENCODED test_s1 1732544 seconds 1685.1698379516602
train_s2 64000 / 5034616 records_per_second 793.8
train_s2 128000 / 5034616 records_per_second 775.0
train_s2 192000 / 5034616 records_per_second 809.0
train_s2 256000 / 5034616 records_per_second 830.4
train_s2 320000 / 5034616 records_per_second 844.6
train_s2 384000 / 5034616 records_per_second 854.5
train_s2 448000 / 5034616 records_per_second 863.1
train_s2 512000 / 5034616 records_per_second 868.6
train_s2 576000 / 5034616 records_per_second 873.6
train_s2 640000 / 5034616 records_per_second 879.6
train_s2 704000 / 5034616 records_per_second 883.1
train_s2 768000 / 5034616 records_per_second 883.8
train_s2 832000 / 5034616 records_per_second 886.6
train_s2 896000 / 5034616 records_per_second 888.5
train_s2 960000 / 5034616 records_per_second 888.5
train_s2 1024000 / 5034616 records_per_second 888.3
train_s2 1088000 / 5034616 records_per_second 887.4
train_s2 1152000 / 5034616 records_per_second 889.0
train_s2 1216000 / 5034616 records_per_second 890.1
train_s2 1280000 / 5034616 records_per_second 828.5
train_s2 1344000 / 5034616 records_per_second 714.0
train_s2 1408000 / 5034616 records_per_second 633.0
train_s2 1472000 / 5034616 records_per_second 581.3
train_s2 1536000 / 5034616 records_per_second 590.0
train_s2 1600000 / 5034616 records_per_second 601.4
train_s2 1664000 / 5034616 records_per_second 611.9
train_s2 1728000 / 5034616 records_per_second 620.0
train_s2 1792000 / 5034616 records_per_second 626.6
train_s2 1856000 / 5034616 records_per_second 633.4
train_s2 1920000 / 5034616 records_per_second 639.7
train_s2 1984000 / 5034616 records_per_second 645.0
train_s2 2048000 / 5034616 records_per_second 650.1
train_s2 2112000 / 5034616 records_per_second 655.0
train_s2 2176000 / 5034616 records_per_second 659.6
train_s2 2240000 / 5034616 records_per_second 663.9
train_s2 2304000 / 5034616 records_per_second 670.7
train_s2 2368000 / 5034616 records_per_second 675.2
train_s2 2432000 / 5034616 records_per_second 679.5
train_s2 2496000 / 5034616 records_per_second 684.3
train_s2 2560000 / 5034616 records_per_second 688.8
train_s2 2624000 / 5034616 records_per_second 693.1
train_s2 2688000 / 5034616 records_per_second 697.5
train_s2 2752000 / 5034616 records_per_second 700.9
train_s2 2816000 / 5034616 records_per_second 704.3
train_s2 2880000 / 5034616 records_per_second 707.5
train_s2 2944000 / 5034616 records_per_second 710.7
train_s2 3008000 / 5034616 records_per_second 713.8
train_s2 3072000 / 5034616 records_per_second 716.7
train_s2 3136000 / 5034616 records_per_second 719.4
train_s2 3200000 / 5034616 records_per_second 721.9
train_s2 3264000 / 5034616 records_per_second 724.3
train_s2 3328000 / 5034616 records_per_second 727.5
train_s2 3392000 / 5034616 records_per_second 730.7
train_s2 3456000 / 5034616 records_per_second 733.7
train_s2 3520000 / 5034616 records_per_second 736.9
train_s2 3584000 / 5034616 records_per_second 739.9
train_s2 3648000 / 5034616 records_per_second 742.1
train_s2 3712000 / 5034616 records_per_second 744.5
train_s2 3776000 / 5034616 records_per_second 747.1
train_s2 3840000 / 5034616 records_per_second 741.6
train_s2 3904000 / 5034616 records_per_second 719.3
train_s2 3968000 / 5034616 records_per_second 723.7
train_s2 4032000 / 5034616 records_per_second 727.0
train_s2 4096000 / 5034616 records_per_second 729.4
train_s2 4160000 / 5034616 records_per_second 732.4
train_s2 4224000 / 5034616 records_per_second 734.9
train_s2 4288000 / 5034616 records_per_second 736.9
train_s2 4352000 / 5034616 records_per_second 738.1
train_s2 4416000 / 5034616 records_per_second 739.9
train_s2 4480000 / 5034616 records_per_second 741.7
train_s2 4544000 / 5034616 records_per_second 743.4
train_s2 4608000 / 5034616 records_per_second 745.0
train_s2 4672000 / 5034616 records_per_second 746.7
train_s2 4736000 / 5034616 records_per_second 748.5
train_s2 4800000 / 5034616 records_per_second 750.2
train_s2 4864000 / 5034616 records_per_second 751.9
train_s2 4928000 / 5034616 records_per_second 753.4
train_s2 4992000 / 5034616 records_per_second 754.9
ENCODED train_s2 5034616 seconds 6662.1813769340515
train_s3 64000 / 5285603 records_per_second 878.6
train_s3 128000 / 5285603 records_per_second 857.2
train_s3 192000 / 5285603 records_per_second 882.2
train_s3 256000 / 5285603 records_per_second 915.3
train_s3 320000 / 5285603 records_per_second 936.9
train_s3 384000 / 5285603 records_per_second 952.3
train_s3 448000 / 5285603 records_per_second 962.9
train_s3 512000 / 5285603 records_per_second 968.8
train_s3 576000 / 5285603 records_per_second 972.7
train_s3 640000 / 5285603 records_per_second 964.0
train_s3 704000 / 5285603 records_per_second 951.3
train_s3 768000 / 5285603 records_per_second 956.4
train_s3 832000 / 5285603 records_per_second 966.1
train_s3 896000 / 5285603 records_per_second 954.9
train_s3 960000 / 5285603 records_per_second 960.1
train_s3 1024000 / 5285603 records_per_second 967.0
train_s3 1088000 / 5285603 records_per_second 970.1
train_s3 1152000 / 5285603 records_per_second 971.0
train_s3 1216000 / 5285603 records_per_second 976.7
train_s3 1280000 / 5285603 records_per_second 978.6
train_s3 1344000 / 5285603 records_per_second 978.4
train_s3 1408000 / 5285603 records_per_second 981.3
train_s3 1472000 / 5285603 records_per_second 984.9
train_s3 1536000 / 5285603 records_per_second 987.7
train_s3 1600000 / 5285603 records_per_second 990.9
train_s3 1664000 / 5285603 records_per_second 995.0
train_s3 1728000 / 5285603 records_per_second 998.3
train_s3 1792000 / 5285603 records_per_second 1001.1
train_s3 1856000 / 5285603 records_per_second 1001.4
train_s3 1920000 / 5285603 records_per_second 1002.7
train_s3 1984000 / 5285603 records_per_second 1003.3
train_s3 2048000 / 5285603 records_per_second 1003.6
train_s3 2112000 / 5285603 records_per_second 1004.8
train_s3 2176000 / 5285603 records_per_second 1001.5
train_s3 2240000 / 5285603 records_per_second 1000.5
train_s3 2304000 / 5285603 records_per_second 1001.4
train_s3 2368000 / 5285603 records_per_second 983.7
train_s3 2432000 / 5285603 records_per_second 918.0
train_s3 2496000 / 5285603 records_per_second 878.2
train_s3 2560000 / 5285603 records_per_second 886.2
train_s3 2624000 / 5285603 records_per_second 893.2
train_s3 2688000 / 5285603 records_per_second 897.2
train_s3 2752000 / 5285603 records_per_second 900.6
train_s3 2816000 / 5285603 records_per_second 897.3
train_s3 2880000 / 5285603 records_per_second 896.0
train_s3 2944000 / 5285603 records_per_second 894.9
train_s3 3008000 / 5285603 records_per_second 896.8
train_s3 3072000 / 5285603 records_per_second 898.7
train_s3 3136000 / 5285603 records_per_second 900.3
train_s3 3200000 / 5285603 records_per_second 902.0
train_s3 3264000 / 5285603 records_per_second 903.4
train_s3 3328000 / 5285603 records_per_second 905.2
train_s3 3392000 / 5285603 records_per_second 913.0
train_s3 3456000 / 5285603 records_per_second 921.3
train_s3 3520000 / 5285603 records_per_second 929.8
train_s3 3584000 / 5285603 records_per_second 937.9
train_s3 3648000 / 5285603 records_per_second 945.3
train_s3 3712000 / 5285603 records_per_second 952.3
train_s3 3776000 / 5285603 records_per_second 958.9
train_s3 3840000 / 5285603 records_per_second 966.2
train_s3 3904000 / 5285603 records_per_second 973.1
train_s3 3968000 / 5285603 records_per_second 980.2
train_s3 4032000 / 5285603 records_per_second 987.3
train_s3 4096000 / 5285603 records_per_second 994.3
train_s3 4160000 / 5285603 records_per_second 1001.7
train_s3 4224000 / 5285603 records_per_second 1009.0
train_s3 4288000 / 5285603 records_per_second 1016.2
train_s3 4352000 / 5285603 records_per_second 1023.3
train_s3 4416000 / 5285603 records_per_second 1030.1
train_s3 4480000 / 5285603 records_per_second 1036.9
train_s3 4544000 / 5285603 records_per_second 1043.5
train_s3 4608000 / 5285603 records_per_second 1050.1
train_s3 4672000 / 5285603 records_per_second 1056.7
train_s3 4736000 / 5285603 records_per_second 1063.2
train_s3 4800000 / 5285603 records_per_second 1069.7
train_s3 4864000 / 5285603 records_per_second 1076.1
train_s3 4928000 / 5285603 records_per_second 1082.4
train_s3 4992000 / 5285603 records_per_second 1088.7
train_s3 5056000 / 5285603 records_per_second 1094.6
train_s3 5120000 / 5285603 records_per_second 1100.6
train_s3 5184000 / 5285603 records_per_second 1106.3
train_s3 5248000 / 5285603 records_per_second 1111.9
ENCODED train_s3 5285603 seconds 4739.895113945007
test_s2 64000 / 4887273 records_per_second 1530.9
test_s2 128000 / 4887273 records_per_second 1528.1
test_s2 192000 / 4887273 records_per_second 1527.9
test_s2 256000 / 4887273 records_per_second 1472.8
test_s2 320000 / 4887273 records_per_second 1459.3
test_s2 384000 / 4887273 records_per_second 1438.1
test_s2 448000 / 4887273 records_per_second 1406.1
test_s2 512000 / 4887273 records_per_second 1378.6
test_s2 576000 / 4887273 records_per_second 1367.0
test_s2 640000 / 4887273 records_per_second 1357.5
test_s2 704000 / 4887273 records_per_second 1345.9
test_s2 768000 / 4887273 records_per_second 1337.3
test_s2 832000 / 4887273 records_per_second 1330.3
test_s2 896000 / 4887273 records_per_second 1306.8
test_s2 960000 / 4887273 records_per_second 1283.2
test_s2 1024000 / 4887273 records_per_second 1270.5
test_s2 1088000 / 4887273 records_per_second 1260.6
test_s2 1152000 / 4887273 records_per_second 1246.7
test_s2 1216000 / 4887273 records_per_second 1236.0
test_s2 1280000 / 4887273 records_per_second 1235.1
test_s2 1344000 / 4887273 records_per_second 1234.9
test_s2 1408000 / 4887273 records_per_second 1232.3
test_s2 1472000 / 4887273 records_per_second 1230.1
test_s2 1536000 / 4887273 records_per_second 1225.2
test_s2 1600000 / 4887273 records_per_second 1233.4
test_s2 1664000 / 4887273 records_per_second 1224.8
test_s2 1728000 / 4887273 records_per_second 1226.8
test_s2 1792000 / 4887273 records_per_second 1234.0
test_s2 1856000 / 4887273 records_per_second 1241.1
test_s2 1920000 / 4887273 records_per_second 1249.3
test_s2 1984000 / 4887273 records_per_second 1258.9
test_s2 2048000 / 4887273 records_per_second 1267.7
test_s2 2112000 / 4887273 records_per_second 1275.9
test_s2 2176000 / 4887273 records_per_second 1283.5
test_s2 2240000 / 4887273 records_per_second 1290.5
test_s2 2304000 / 4887273 records_per_second 1297.4
test_s2 2368000 / 4887273 records_per_second 1304.8
test_s2 2432000 / 4887273 records_per_second 1312.0
test_s2 2496000 / 4887273 records_per_second 1319.2
test_s2 2560000 / 4887273 records_per_second 1326.0
test_s2 2624000 / 4887273 records_per_second 1331.9
test_s2 2688000 / 4887273 records_per_second 1338.0
test_s2 2752000 / 4887273 records_per_second 1343.8
test_s2 2816000 / 4887273 records_per_second 1349.4
test_s2 2880000 / 4887273 records_per_second 1354.7
test_s2 2944000 / 4887273 records_per_second 1359.6
test_s2 3008000 / 4887273 records_per_second 1363.9
test_s2 3072000 / 4887273 records_per_second 1369.2
test_s2 3136000 / 4887273 records_per_second 1369.7
test_s2 3200000 / 4887273 records_per_second 1373.8
test_s2 3264000 / 4887273 records_per_second 1378.9
test_s2 3328000 / 4887273 records_per_second 1383.9
test_s2 3392000 / 4887273 records_per_second 1388.6
test_s2 3456000 / 4887273 records_per_second 1391.8
test_s2 3520000 / 4887273 records_per_second 1396.3
test_s2 3584000 / 4887273 records_per_second 1400.5
test_s2 3648000 / 4887273 records_per_second 1404.5
test_s2 3712000 / 4887273 records_per_second 1408.4
test_s2 3776000 / 4887273 records_per_second 1411.5
test_s2 3840000 / 4887273 records_per_second 1413.8
test_s2 3904000 / 4887273 records_per_second 1416.4
test_s2 3968000 / 4887273 records_per_second 1419.6
test_s2 4032000 / 4887273 records_per_second 1423.3
test_s2 4096000 / 4887273 records_per_second 1426.9
test_s2 4160000 / 4887273 records_per_second 1428.4
test_s2 4224000 / 4887273 records_per_second 1429.4
test_s2 4288000 / 4887273 records_per_second 1431.1
test_s2 4352000 / 4887273 records_per_second 1432.5
test_s2 4416000 / 4887273 records_per_second 1432.1
test_s2 4480000 / 4887273 records_per_second 1432.4
test_s2 4544000 / 4887273 records_per_second 1433.8
test_s2 4608000 / 4887273 records_per_second 1435.8
test_s2 4672000 / 4887273 records_per_second 1437.8
test_s2 4736000 / 4887273 records_per_second 1439.4
test_s2 4800000 / 4887273 records_per_second 1441.0
test_s2 4864000 / 4887273 records_per_second 1442.6
ENCODED test_s2 4887273 seconds 3386.672460079193
test_s3 64000 / 5082316 records_per_second 1892.2
test_s3 128000 / 5082316 records_per_second 1901.5
test_s3 192000 / 5082316 records_per_second 1899.6
test_s3 256000 / 5082316 records_per_second 1903.2
test_s3 320000 / 5082316 records_per_second 1908.0
test_s3 384000 / 5082316 records_per_second 1907.9
test_s3 448000 / 5082316 records_per_second 1910.2
test_s3 512000 / 5082316 records_per_second 1914.1
test_s3 576000 / 5082316 records_per_second 1919.2
test_s3 640000 / 5082316 records_per_second 1920.5
test_s3 704000 / 5082316 records_per_second 1923.7
test_s3 768000 / 5082316 records_per_second 1926.3
test_s3 832000 / 5082316 records_per_second 1928.6
test_s3 896000 / 5082316 records_per_second 1931.5
test_s3 960000 / 5082316 records_per_second 1932.9
test_s3 1024000 / 5082316 records_per_second 1934.9
test_s3 1088000 / 5082316 records_per_second 1935.6
test_s3 1152000 / 5082316 records_per_second 1934.9
test_s3 1216000 / 5082316 records_per_second 1934.0
test_s3 1280000 / 5082316 records_per_second 1925.3
test_s3 1344000 / 5082316 records_per_second 1917.8
test_s3 1408000 / 5082316 records_per_second 1908.9
test_s3 1472000 / 5082316 records_per_second 1900.5
test_s3 1536000 / 5082316 records_per_second 1896.1
test_s3 1600000 / 5082316 records_per_second 1890.5
test_s3 1664000 / 5082316 records_per_second 1881.7
test_s3 1728000 / 5082316 records_per_second 1874.0
test_s3 1792000 / 5082316 records_per_second 1874.9
test_s3 1856000 / 5082316 records_per_second 1875.6
test_s3 1920000 / 5082316 records_per_second 1876.1
test_s3 1984000 / 5082316 records_per_second 1877.6
test_s3 2048000 / 5082316 records_per_second 1878.2
test_s3 2112000 / 5082316 records_per_second 1879.6
test_s3 2176000 / 5082316 records_per_second 1878.6
test_s3 2240000 / 5082316 records_per_second 1876.0
test_s3 2304000 / 5082316 records_per_second 1875.6
test_s3 2368000 / 5082316 records_per_second 1873.2
test_s3 2432000 / 5082316 records_per_second 1871.9
test_s3 2496000 / 5082316 records_per_second 1870.1
test_s3 2560000 / 5082316 records_per_second 1869.1
test_s3 2624000 / 5082316 records_per_second 1867.8
test_s3 2688000 / 5082316 records_per_second 1866.2
test_s3 2752000 / 5082316 records_per_second 1865.1
test_s3 2816000 / 5082316 records_per_second 1864.8
test_s3 2880000 / 5082316 records_per_second 1864.8
test_s3 2944000 / 5082316 records_per_second 1864.4
test_s3 3008000 / 5082316 records_per_second 1864.4
test_s3 3072000 / 5082316 records_per_second 1863.8
test_s3 3136000 / 5082316 records_per_second 1864.1
test_s3 3200000 / 5082316 records_per_second 1864.3
test_s3 3264000 / 5082316 records_per_second 1864.5
test_s3 3328000 / 5082316 records_per_second 1864.6
test_s3 3392000 / 5082316 records_per_second 1861.3
test_s3 3456000 / 5082316 records_per_second 1854.8
test_s3 3520000 / 5082316 records_per_second 1846.1
test_s3 3584000 / 5082316 records_per_second 1840.5
test_s3 3648000 / 5082316 records_per_second 1839.3
test_s3 3712000 / 5082316 records_per_second 1838.6
test_s3 3776000 / 5082316 records_per_second 1838.2
test_s3 3840000 / 5082316 records_per_second 1837.8
test_s3 3904000 / 5082316 records_per_second 1837.8
test_s3 3968000 / 5082316 records_per_second 1838.0
test_s3 4032000 / 5082316 records_per_second 1838.6
test_s3 4096000 / 5082316 records_per_second 1839.4
test_s3 4160000 / 5082316 records_per_second 1840.5
test_s3 4224000 / 5082316 records_per_second 1841.3
test_s3 4288000 / 5082316 records_per_second 1842.1
test_s3 4352000 / 5082316 records_per_second 1843.0
test_s3 4416000 / 5082316 records_per_second 1843.4
test_s3 4480000 / 5082316 records_per_second 1844.1
test_s3 4544000 / 5082316 records_per_second 1843.1
test_s3 4608000 / 5082316 records_per_second 1842.2
test_s3 4672000 / 5082316 records_per_second 1841.1
test_s3 4736000 / 5082316 records_per_second 1837.6
test_s3 4800000 / 5082316 records_per_second 1835.5
test_s3 4864000 / 5082316 records_per_second 1833.5
test_s3 4928000 / 5082316 records_per_second 1832.6
test_s3 4992000 / 5082316 records_per_second 1832.1
test_s3 5056000 / 5082316 records_per_second 1831.7
ENCODED test_s3 5082316 seconds 2775.3974640369415
