0:	learn: 0.5484985	test: 0.5486368	best: 0.5486368 (0)	total: 721ms	remaining: 48m 2s
500:	learn: 0.0169582	test: 0.0179860	best: 0.0179860 (500)	total: 5m 4s	remaining: 35m 26s
Stopped by overfitting detector  (100 iterations wait)

bestTest = 0.01786923898
bestIteration = 897

Shrink model to first 898 iterations.
{
  "knobs": {
    "missing": 0.25,
    "empty_scale": 2,
    "min_margin": 0.015,
    "floor": 0.0
  },
  "tuning_85_89": 0.988855561094487,
  "importance": {
    "p": 2.766698681725817,
    "rank_p": 3.593714190985472,
    "ce": 6.792542586592918,
    "rank_ce": 4.77547436208543,
    "other_p": 6.4872563211605065,
    "other_ce": 7.978982152116669,
    "ce_gap": 4.118409497720909,
    "p_gap": 2.759557212570102,
    "q_best": 20.328226664172984,
    "n_cand": 0.0,
    "ce2": 0.7476763916404915,
    "other_ce2": 5.274865967542407,
    "ce_gap2": 0.6073191200621404,
    "has_ce2": 0.34683718325231544,
    "ce3": 0.8349232609398283,
    "other_ce3": 1.6077768388336775,
    "ce_gap3": 1.832890178069915,
    "has_ce3": 0.11958753634232827,
    "ce4": 1.1067079882280226,
    "other_ce4": 5.749527658941092,
    "ce_gap4": 1.112588058657204,
    "has_ce4": 0.12475991552619875,
    "conf_all": 1.831592205829974,
    "conf_same_src": 3.287240437440087,
    "sibling_name_eq": 1.4068546356868672,
    "target_no_addr": 2.5021175243544462,
    "twins_other_src": 1.8844339281335898,
    "twins_same_src": 1.6078575718519776,
    "addr_crowding": 3.1210074340286744,
    "addr_missing": 1.7999991986198776,
    "anchor_load": 3.2857771877593778,
    "twins_confident_same_anchor": 0.20679810912874447
  },
  "v3_decoder_90_99": {
    "macro_f05": 0.9809203333879958,
    "precision": 0.9939170884504719,
    "recall": 0.9578608828662758,
    "links": 737147,
    "singleton_false_merges": 272,
    "by_country": {
      "India": 0.9762072102939925,
      "US": 0.9840432513675579
    }
  },
  "v5_90_99": {
    "macro_f05": 0.9870699816270712,
    "precision": 0.9972952821144799,
    "recall": 0.9670098510253041,
    "links": 741667,
    "singleton_false_merges": 141,
    "by_country": {
      "India": 0.9852542729067366,
      "US": 0.9882730712335352
    }
  },
  "v6_90_99": {
    "macro_f05": 0.9887044738741753,
    "precision": 0.9983614415006341,
    "recall": 0.9694258689101118,
    "links": 742726,
    "singleton_false_merges": 113,
    "by_country": {
      "India": 0.9869243000821174,
      "US": 0.9898840180174283
    }
  },
  "paired_gain_vs_v3": {
    "mean": 0.007784140486179483,
    "se": 0.00013168148442352655
  },
  "paired_gain_vs_reference": {
    "reference": "artifacts_v3/stage2_v7d_all_val/val_entity_f.npy",
    "mean": 5.203332350452119e-05,
    "se": 3.535959740985233e-05,
    "better": 422,
    "worse": 337
  }
}
DONE
