SCORED 2199989 targets 188605 seconds 6.9
SCORED 4199996 targets 360135 seconds 10.7
SCORED 6199990 targets 531660 seconds 14.5
SCORED 8199996 targets 703302 seconds 18.4
SCORED 10199996 targets 874990 seconds 22.4
SCORED 12199999 targets 1046628 seconds 26.5
SCORED 14197609 targets 1218016 seconds 30.6
SCORED 16197605 targets 1389539 seconds 34.7
SCORED 18197603 targets 1560921 seconds 38.9
SCORED 20197602 targets 1732383 seconds 43.3
SCORED 22197606 targets 1904047 seconds 47.8
SCORED 24197602 targets 2075672 seconds 52.4
SCORED 26197606 targets 2247410 seconds 57.1
SCORED 28179378 targets 2417412 seconds 61.4
SCORED 30179383 targets 2588923 seconds 65.9
SCORED 32179382 targets 2760370 seconds 70.5
SCORED 34179379 targets 2931945 seconds 75.1
SCORED 36179376 targets 3103553 seconds 80.3
SCORED 38179380 targets 3275190 seconds 84.6
SCORED 40179381 targets 3446815 seconds 88.7
SCORED 42184978 targets 3618762 seconds 92.8
SCORED 44184980 targets 3790248 seconds 97.1
SCORED 46184979 targets 3961701 seconds 101.2
SCORED 48184982 targets 4133250 seconds 105.3
SCORED 50184972 targets 4304870 seconds 109.4
SCORED 52184976 targets 4476577 seconds 113.6
SCORED 54125387 targets 4643084 seconds 117.5
SCORED 56125380 targets 4814524 seconds 121.6
SCORED 58125379 targets 4986049 seconds 125.6
SCORED 60125383 targets 5157602 seconds 129.6
SCORED 62125381 targets 5329280 seconds 133.5
SCORED 64125385 targets 5500928 seconds 137.4
SCORED 66125379 targets 5672507 seconds 141.3
SCORED 68112619 targets 5842926 seconds 145.3
SCORED 70112621 targets 6014403 seconds 149.3
SCORED 72112619 targets 6185910 seconds 153.3
SCORED 74112619 targets 6357403 seconds 157.2
SCORED 76112627 targets 6529046 seconds 161.1
SCORED 78112620 targets 6700740 seconds 165.0
SCORED 80112624 targets 6872333 seconds 168.9
SCORED 82118510 targets 7044327 seconds 172.9
SCORED 84118503 targets 7215786 seconds 176.9
SCORED 86118508 targets 7387233 seconds 180.8
SCORED 88118506 targets 7558860 seconds 184.8
SCORED 90118507 targets 7730536 seconds 188.7
SCORED 92118500 targets 7902168 seconds 192.6
SCORED 94097691 targets 8072018 seconds 196.5
SCORED 96097697 targets 8243487 seconds 200.4
SCORED 98097695 targets 8415001 seconds 204.4
SCORED 100097692 targets 8586570 seconds 208.3
SCORED 102097693 targets 8758188 seconds 212.2
SCORED 104097693 targets 8929866 seconds 216.1
SCORED 106097696 targets 9101512 seconds 220.0
SCORED 108176309 targets 9279857 seconds 224.1
SCORED 110176317 targets 9451376 seconds 227.9
SCORED 112176312 targets 9622911 seconds 231.9
SCORED 114176315 targets 9794426 seconds 235.8
SCORED 116176313 targets 9966094 seconds 239.7
SCORED 118176309 targets 10137739 seconds 244.0
SCORED 120176313 targets 10309340 seconds 248.3
SCORE_COMPLETE {'candidate_pairs': 120303028, 'target_groups': 10320219, 'target_universe': 10320219, 'anchor_universe': 2206821, 'best_feature_indices': [0, 1, 8, 13, 14, 16, 24, 26, 37, 42, 43, 52], 'best_dtype': [('aid', '<i4'), ('aid2', '<i4'), ('owner', '<i4'), ('afold', '<i4'), ('tfold', '<i4'), ('p', '<f4'), ('p2', '<f4'), ('cos', '<f4'), ('route', '<i4'), ('f', '<f4', (12,))], 'seconds': 248.58436012268066, 'model': 'artifacts_v3/model_joint/model.cbm', 'source_pair_dirs': ['artifacts_v3/train_pairs'], 'max_lexical_rank': None, 'dense_min_dice': None}
CALIBRATION_FIT 516692 positives 373929
VALIDATION {"calibration_fit_folds": [80, 85], "threshold_tuning_folds": [85, 90], "validation_folds": [90, 100], "threshold": 0.7749999999999999, "minimum_raw_margin": 0, "tuning_macro_f05": 0.9802691039887347, "tuning_anchors": 110503, "top_thresholds": [[0.980272612301411, 0.7749999999999999, 0.015], [0.9802691039887347, 0.7749999999999999, 0], [0.980236634891216, 0.7499999999999999, 0.015], [0.9802060346875034, 0.7499999999999999, 0], [0.9801762219392081, 0.7999999999999998, 0], [0.9801715854010533, 0.7999999999999998, 0.015], [0.9801624559363491, 0.7749999999999999, 0.03], [0.9801441043788549, 0.7249999999999999, 0.015], [0.9801301799004533, 0.7499999999999999, 0.03], [0.9801033609212141, 0.7249999999999999, 0], [0.9800620762587242, 0.7999999999999998, 0.03], [0.9800594766868059, 0.7749999999999999, 0.06], [0.9800404638633331, 0.7249999999999999, 0.03], [0.9800228748609875, 0.7499999999999999, 0.06], [0.9800140212986952, 0.8249999999999998, 0]], "validation": {"anchors": 220938, "macro_f05": 0.9805150987755348, "precision": 0.9943515964594452, "recall": 0.9558161577732891, "true_links": 764895, "predicted_links": 735252, "true_positives": 731099, "singletons": 12590, "singleton_false_merges": 334, "by_country": {"India": {"anchors": 88051, "macro_f05": 0.9756574309991466}, "US": {"anchors": 132887, "macro_f05": 0.9837337921419195}}, "mean_standard_error": 0.00017640403525934437}}
SCORED 2199992 targets 187207 seconds 9.0
SCORED 4199994 targets 357301 seconds 12.9
SCORED 6199988 targets 527491 seconds 16.9
SCORED 8199989 targets 697803 seconds 21.2
SCORED 10199992 targets 868165 seconds 25.1
SCORED 12199998 targets 1038612 seconds 29.1
SCORED 14177909 targets 1206973 seconds 33.0
SCORED 16177900 targets 1377122 seconds 37.0
SCORED 18177902 targets 1547296 seconds 41.0
SCORED 20177908 targets 1717438 seconds 45.0
SCORED 22177909 targets 1887841 seconds 49.0
SCORED 24177906 targets 2058200 seconds 53.0
SCORED 26199904 targets 2230410 seconds 57.0
SCORED 28199906 targets 2400626 seconds 60.9
SCORED 30199901 targets 2570792 seconds 64.8
SCORED 32199900 targets 2740977 seconds 68.8
SCORED 34199901 targets 2911410 seconds 72.7
SCORED 36199897 targets 3081860 seconds 76.7
SCORED 38199894 targets 3252158 seconds 80.7
SCORED 40199599 targets 3422381 seconds 84.8
SCORED 42199608 targets 3592578 seconds 88.7
SCORED 44199603 targets 3762746 seconds 92.7
SCORED 46199608 targets 3933035 seconds 96.7
SCORED 48199610 targets 4103405 seconds 100.8
SCORED 50199611 targets 4273810 seconds 104.8
SCORED 52182822 targets 4442754 seconds 108.8
SCORED 54182814 targets 4612850 seconds 112.9
SCORED 56182819 targets 4783004 seconds 116.9
SCORED 58182817 targets 4953139 seconds 121.0
SCORED 60182820 targets 5123480 seconds 125.0
SCORED 62182820 targets 5293854 seconds 129.0
SCORED 64182824 targets 5464219 seconds 133.0
SCORED 66016067 targets 5620337 seconds 136.8
SCORED 68016064 targets 5790467 seconds 141.1
SCORED 70016068 targets 5960645 seconds 145.2
SCORED 72016061 targets 6130941 seconds 149.2
SCORED 74016065 targets 6301288 seconds 153.2
SCORED 76016062 targets 6471652 seconds 157.3
SCORED 78016065 targets 6641988 seconds 161.3
SCORED 80048270 targets 6814958 seconds 165.5
SCORED 82048275 targets 6985112 seconds 169.6
SCORED 84048269 targets 7155290 seconds 173.7
SCORED 86048269 targets 7325689 seconds 177.8
SCORED 88048268 targets 7496073 seconds 181.8
SCORED 90048265 targets 7666415 seconds 186.0
SCORED 92072936 targets 7838823 seconds 190.2
SCORED 94072932 targets 8008962 seconds 194.2
SCORED 96072931 targets 8179141 seconds 198.4
SCORED 98072935 targets 8349372 seconds 202.4
SCORED 100072941 targets 8519788 seconds 206.5
SCORED 102072933 targets 8690185 seconds 210.5
SCORED 104072934 targets 8860576 seconds 214.6
SCORED 106074052 targets 9030822 seconds 218.7
SCORED 108074055 targets 9201084 seconds 222.8
SCORED 110074055 targets 9371252 seconds 226.9
SCORED 112074055 targets 9541618 seconds 230.8
SCORED 114074051 targets 9712009 seconds 234.8
SCORED 116074052 targets 9882384 seconds 238.8
SCORE_COMPLETE {'candidate_pairs': 117097579, 'target_groups': 9969589, 'target_universe': 9969589, 'anchor_universe': 1732544, 'best_feature_indices': [0, 1, 8, 13, 14, 16, 24, 26, 37, 42, 43, 52], 'best_dtype': [('aid', '<i4'), ('aid2', '<i4'), ('owner', '<i4'), ('afold', '<i4'), ('tfold', '<i4'), ('p', '<f4'), ('p2', '<f4'), ('cos', '<f4'), ('route', '<i4'), ('f', '<f4', (12,))], 'seconds': 240.90900874137878, 'model': 'artifacts_v3/model_joint/model.cbm', 'source_pair_dirs': ['artifacts_v3/test_pairs'], 'max_lexical_rank': None, 'dense_min_dice': None}
APPLIED 9969589
EXIT 0
