maps quarantined; approved learned aliases=0
train_s1 200000 2.7
train_s1 400000 5.4
train_s1 600000 8.1
train_s1 800000 10.9
train_s1 1000000 13.7
train_s1 1200000 16.7
train_s1 1400000 19.7
train_s1 1600000 22.7
train_s1 1800000 25.7
train_s1 2000000 28.7
NORMALIZED train_s1 2206821 31.697216987609863
train_s2 200000 3.2
train_s2 400000 6.5
train_s2 600000 9.8
train_s2 800000 13.2
train_s2 1000000 16.4
train_s2 1200000 19.8
train_s2 1400000 23.1
train_s2 1600000 26.4
train_s2 1800000 29.7
train_s2 2000000 33.0
train_s2 2200000 36.3
train_s2 2400000 39.7
train_s2 2600000 43.0
train_s2 2800000 46.4
train_s2 3000000 49.8
train_s2 3200000 53.2
train_s2 3400000 56.7
train_s2 3600000 60.3
train_s2 3800000 63.7
train_s2 4000000 67.1
train_s2 4200000 70.7
train_s2 4400000 74.2
train_s2 4600000 77.8
train_s2 4800000 81.4
NORMALIZED train_s2 5034616 85.43144702911377
train_s3 200000 4.0
train_s3 400000 8.3
train_s3 600000 12.3
train_s3 800000 15.9
train_s3 1000000 19.7
train_s3 1200000 23.5
train_s3 1400000 27.3
train_s3 1600000 31.2
train_s3 1800000 34.9
train_s3 2000000 38.6
train_s3 2200000 42.4
train_s3 2400000 46.2
train_s3 2600000 50.1
train_s3 2800000 53.8
train_s3 3000000 57.7
train_s3 3200000 61.6
train_s3 3400000 65.8
train_s3 3600000 69.8
train_s3 3800000 73.9
train_s3 4000000 78.0
train_s3 4200000 82.0
train_s3 4400000 86.3
train_s3 4600000 90.1
train_s3 4800000 94.3
train_s3 5000000 98.3
train_s3 5200000 102.7
NORMALIZED train_s3 5285603 104.30837917327881
test_s1 200000 4.3
test_s1 400000 8.8
test_s1 600000 14.3
test_s1 800000 19.7
test_s1 1000000 25.3
test_s1 1200000 30.8
test_s1 1400000 36.5
test_s1 1600000 40.3
NORMALIZED test_s1 1732544 42.579545974731445
test_s2 200000 4.0
test_s2 400000 7.9
test_s2 600000 12.1
test_s2 800000 16.9
test_s2 1000000 22.0
test_s2 1200000 26.9
test_s2 1400000 31.9
test_s2 1600000 36.7
test_s2 1800000 41.7
test_s2 2000000 46.4
test_s2 2200000 51.3
test_s2 2400000 56.2
test_s2 2600000 61.1
test_s2 2800000 65.9
test_s2 3000000 70.9
test_s2 3200000 75.7
test_s2 3400000 80.7
test_s2 3600000 85.6
test_s2 3800000 90.5
test_s2 4000000 95.3
test_s2 4200000 100.3
test_s2 4400000 105.1
test_s2 4600000 110.0
test_s2 4800000 114.7
NORMALIZED test_s2 4887273 116.48205399513245
test_s3 200000 4.8
test_s3 400000 9.4
test_s3 600000 14.3
test_s3 800000 19.0
test_s3 1000000 23.9
test_s3 1200000 28.6
test_s3 1400000 33.3
test_s3 1600000 37.5
test_s3 1800000 42.2
test_s3 2000000 46.8
test_s3 2200000 51.6
test_s3 2400000 56.3
test_s3 2600000 61.0
test_s3 2800000 65.7
test_s3 3000000 70.4
test_s3 3200000 75.3
test_s3 3400000 80.1
test_s3 3600000 85.1
test_s3 3800000 89.9
test_s3 4000000 94.7
test_s3 4200000 99.4
test_s3 4400000 104.3
test_s3 4600000 109.0
test_s3 4800000 113.8
test_s3 5000000 118.4
NORMALIZED test_s3 5082316 120.20258569717407
DONE
