train_s1 200000 0.6
train_s1 400000 0.9
train_s1 600000 1.3
train_s1 800000 1.7
train_s1 1000000 2.1
train_s1 1200000 2.5
train_s1 1400000 2.9
train_s1 1600000 3.3
train_s1 1800000 3.8
train_s1 2000000 4.2
NORMALIZED train_s1 2206821 4.605298042297363
train_s2 200000 0.5
train_s2 400000 1.1
train_s2 600000 1.6
train_s2 800000 2.1
train_s2 1000000 2.7
train_s2 1200000 3.2
train_s2 1400000 3.7
train_s2 1600000 4.2
train_s2 1800000 4.8
train_s2 2000000 5.3
train_s2 2200000 5.8
train_s2 2400000 6.3
train_s2 2600000 6.9
train_s2 2800000 7.4
train_s2 3000000 7.9
train_s2 3200000 8.4
train_s2 3400000 8.9
train_s2 3600000 9.4
train_s2 3800000 10.0
train_s2 4000000 10.5
train_s2 4200000 11.0
train_s2 4400000 11.6
train_s2 4600000 12.1
train_s2 4800000 12.6
NORMALIZED train_s2 5034616 13.241406917572021
train_s3 200000 0.5
train_s3 400000 1.1
train_s3 600000 1.6
train_s3 800000 2.1
train_s3 1000000 2.7
train_s3 1200000 3.2
train_s3 1400000 3.8
train_s3 1600000 4.3
train_s3 1800000 4.8
train_s3 2000000 5.3
train_s3 2200000 5.9
train_s3 2400000 6.4
train_s3 2600000 6.9
train_s3 2800000 7.5
train_s3 3000000 8.0
train_s3 3200000 8.6
train_s3 3400000 9.1
train_s3 3600000 9.7
train_s3 3800000 10.2
train_s3 4000000 10.7
train_s3 4200000 11.3
train_s3 4400000 11.8
train_s3 4600000 12.4
train_s3 4800000 12.9
train_s3 5000000 13.5
train_s3 5200000 14.0
NORMALIZED train_s3 5285603 14.241689682006836
test_s1 200000 0.5
test_s1 400000 1.0
test_s1 600000 1.6
test_s1 800000 2.1
test_s1 1000000 2.6
test_s1 1200000 3.1
test_s1 1400000 3.6
test_s1 1600000 4.2
NORMALIZED test_s1 1732544 4.516782999038696
test_s2 200000 0.6
test_s2 400000 1.2
test_s2 600000 1.8
test_s2 800000 2.4
test_s2 1000000 3.0
test_s2 1200000 3.6
test_s2 1400000 4.2
test_s2 1600000 4.8
test_s2 1800000 5.4
test_s2 2000000 6.1
test_s2 2200000 6.7
test_s2 2400000 7.3
test_s2 2600000 7.9
test_s2 2800000 8.5
test_s2 3000000 9.1
test_s2 3200000 9.7
test_s2 3400000 10.3
test_s2 3600000 10.9
test_s2 3800000 11.5
test_s2 4000000 12.2
test_s2 4200000 12.8
test_s2 4400000 13.4
test_s2 4600000 14.0
test_s2 4800000 14.6
NORMALIZED test_s2 4887273 14.870009899139404
test_s3 200000 0.6
test_s3 400000 1.2
test_s3 600000 1.8
test_s3 800000 2.4
test_s3 1000000 3.0
test_s3 1200000 3.6
test_s3 1400000 4.2
test_s3 1600000 4.8
test_s3 1800000 5.4
test_s3 2000000 6.0
test_s3 2200000 6.6
test_s3 2400000 7.1
test_s3 2600000 7.7
test_s3 2800000 8.3
test_s3 3000000 8.9
test_s3 3200000 9.5
test_s3 3400000 10.1
test_s3 3600000 10.7
test_s3 3800000 11.3
test_s3 4000000 11.9
test_s3 4200000 12.5
test_s3 4400000 13.1
test_s3 4600000 13.7
test_s3 4800000 14.3
test_s3 5000000 14.9
NORMALIZED test_s3 5082316 15.151789903640747
