map learning 2 116787
map learning 3 212494
maps {'name': 542, 'address': 93} pairs 212494
train_s1 200000 3.5
train_s1 400000 5.5
train_s1 600000 7.5
train_s1 800000 9.2
train_s1 1000000 11.0
train_s1 1200000 12.9
train_s1 1400000 14.5
train_s1 1600000 16.2
train_s1 1800000 18.1
train_s1 2000000 19.9
NORMALIZED train_s1 2206821 21.752851009368896
train_s2 200000 2.0
train_s2 400000 4.1
train_s2 600000 6.5
train_s2 800000 8.5
train_s2 1000000 10.6
train_s2 1200000 12.8
train_s2 1400000 15.3
train_s2 1600000 17.4
train_s2 1800000 19.5
train_s2 2000000 21.7
train_s2 2200000 23.8
train_s2 2400000 25.8
train_s2 2600000 28.0
train_s2 2800000 30.1
train_s2 3000000 32.3
train_s2 3200000 34.4
train_s2 3400000 36.3
train_s2 3600000 38.5
train_s2 3800000 40.5
train_s2 4000000 42.7
train_s2 4200000 44.9
train_s2 4400000 46.8
train_s2 4600000 49.1
train_s2 4800000 51.1
NORMALIZED train_s2 5034616 53.421387910842896
train_s3 200000 2.0
train_s3 400000 4.2
train_s3 600000 6.2
train_s3 800000 8.1
train_s3 1000000 10.1
train_s3 1200000 12.1
train_s3 1400000 14.0
train_s3 1600000 16.1
train_s3 1800000 18.2
train_s3 2000000 20.1
train_s3 2200000 22.2
train_s3 2400000 24.0
train_s3 2600000 26.0
train_s3 2800000 28.1
train_s3 3000000 29.9
train_s3 3200000 32.0
train_s3 3400000 34.0
train_s3 3600000 36.0
train_s3 3800000 37.9
train_s3 4000000 39.8
train_s3 4200000 41.7
train_s3 4400000 43.4
train_s3 4600000 45.3
train_s3 4800000 47.5
train_s3 5000000 49.6
train_s3 5200000 51.5
NORMALIZED train_s3 5285603 52.278929233551025
test_s1 200000 2.2
test_s1 400000 4.0
test_s1 600000 5.8
test_s1 800000 7.6
test_s1 1000000 8.7
test_s1 1200000 10.0
test_s1 1400000 11.9
test_s1 1600000 13.9
NORMALIZED test_s1 1732544 15.042951107025146
test_s2 200000 2.6
test_s2 400000 4.8
test_s2 600000 7.0
test_s2 800000 9.6
test_s2 1000000 12.6
test_s2 1200000 15.1
test_s2 1400000 17.4
test_s2 1600000 19.8
test_s2 1800000 21.9
test_s2 2000000 24.2
test_s2 2200000 26.4
test_s2 2400000 28.7
test_s2 2600000 31.2
test_s2 2800000 33.2
test_s2 3000000 35.5
test_s2 3200000 38.4
test_s2 3400000 40.8
test_s2 3600000 42.9
test_s2 3800000 45.0
test_s2 4000000 47.4
test_s2 4200000 49.5
test_s2 4400000 51.9
test_s2 4600000 54.1
test_s2 4800000 56.5
NORMALIZED test_s2 4887273 57.41597294807434
test_s3 200000 2.2
test_s3 400000 4.4
test_s3 600000 6.4
test_s3 800000 8.6
test_s3 1000000 10.9
test_s3 1200000 12.9
test_s3 1400000 15.1
test_s3 1600000 17.1
test_s3 1800000 19.2
test_s3 2000000 21.6
test_s3 2200000 23.6
test_s3 2400000 25.7
test_s3 2600000 27.9
test_s3 2800000 29.7
test_s3 3000000 31.6
test_s3 3200000 33.5
test_s3 3400000 35.7
test_s3 3600000 38.0
test_s3 3800000 40.2
test_s3 4000000 42.3
test_s3 4200000 44.4
test_s3 4400000 46.5
test_s3 4600000 48.8
test_s3 4800000 51.2
test_s3 5000000 53.5
NORMALIZED test_s3 5082316 54.394904136657715
