INDEX 200000 terms=742984
INDEX 400000 terms=1203584
INDEX 600000 terms=1622272
INDEX 800000 terms=2016748
INDEX 1000000 terms=2394998
INDEX 1200000 terms=2760894
INDEX 1400000 terms=3118410
INDEX 1600000 terms=3467701
INDEX 1800000 terms=3810316
INDEX 2000000 terms=4147440
INDEX 2200000 terms=4479254
INDEX_COMPLETE anchors=2206821 terms=4490536 seconds=12.0603
QUERY 102400 pairs=932146 sec=34.7958 qps=2942.89 link_recall=0.986814
QUERY 204800 pairs=1849706 sec=77.2554 qps=2650.95 link_recall=0.986801
QUERY 307200 pairs=2770455 sec=117.458 qps=2615.41 link_recall=0.986649
QUERY 409600 pairs=3682227 sec=158.618 qps=2582.3 link_recall=0.986711
QUERY 512000 pairs=4603660 sec=398.21 qps=1285.75 link_recall=0.986838
QUERY 614400 pairs=5525901 sec=435.798 qps=1409.83 link_recall=0.98677
QUERY 716800 pairs=6443564 sec=478.815 qps=1497.03 link_recall=0.986726
QUERY 819200 pairs=7362529 sec=537.245 qps=1524.82 link_recall=0.986707
QUERY 921600 pairs=8278619 sec=616.519 qps=1494.84 link_recall=0.98664
QUERY 1024000 pairs=9192606 sec=700.563 qps=1461.68 link_recall=0.9867
QUERY 1126400 pairs=10113201 sec=772.301 qps=1458.5 link_recall=0.986653
QUERY 1228800 pairs=11034567 sec=831.848 qps=1477.19 link_recall=0.986645
QUERY 1331200 pairs=11951229 sec=904.539 qps=1471.69 link_recall=0.986613
QUERY 1433600 pairs=12867254 sec=986.262 qps=1453.57 link_recall=0.986646
QUERY 1536000 pairs=13787865 sec=1047.91 qps=1465.77 link_recall=0.986674
QUERY 1638400 pairs=14711490 sec=1101.79 qps=1487.03 link_recall=0.986627
QUERY 1740800 pairs=15617885 sec=1154.48 qps=1507.86 link_recall=0.986644
QUERY 1843200 pairs=16544016 sec=1213.37 qps=1519.07 link_recall=0.986623
QUERY 1945600 pairs=17459031 sec=1279.79 qps=1520.25 link_recall=0.986612
QUERY 2048000 pairs=18379494 sec=1349.9 qps=1517.15 link_recall=0.986592
QUERY 2150400 pairs=19297753 sec=1423.84 qps=1510.28 link_recall=0.986588
QUERY 2252800 pairs=20211546 sec=1496.9 qps=1504.98 link_recall=0.986581
QUERY 2355200 pairs=21138155 sec=1568.94 qps=1501.14 link_recall=0.986587
QUERY 2457600 pairs=22046666 sec=1639.07 qps=1499.38 link_recall=0.986604
QUERY 2560000 pairs=22970459 sec=1716.06 qps=1491.79 link_recall=0.986624
QUERY 2662400 pairs=23887841 sec=1793.18 qps=1484.73 link_recall=0.986618
QUERY 2764800 pairs=24802393 sec=1860.89 qps=1485.74 link_recall=0.986613
QUERY 2867200 pairs=25727257 sec=1926.58 qps=1488.23 link_recall=0.986595
QUERY 2969600 pairs=26639367 sec=1992.96 qps=1490.05 link_recall=0.986608
QUERY 3072000 pairs=27562797 sec=2058.63 qps=1492.25 link_recall=0.98658
QUERY 3174400 pairs=28480792 sec=2122.84 qps=1495.36 link_recall=0.986562
QUERY 3276800 pairs=29393326 sec=2189.55 qps=1496.56 link_recall=0.986581
QUERY 3379200 pairs=30317287 sec=2251.71 qps=1500.73 link_recall=0.986579
QUERY 3481600 pairs=31234951 sec=2312.63 qps=1505.47 link_recall=0.986584
QUERY 3584000 pairs=32146403 sec=2374.33 qps=1509.48 link_recall=0.986555
QUERY 3686400 pairs=33071790 sec=2443.39 qps=1508.72 link_recall=0.986551
QUERY 3788800 pairs=33983945 sec=2508.47 qps=1510.4 link_recall=0.986538
QUERY 3891200 pairs=34900662 sec=2574.75 qps=1511.29 link_recall=0.98653
QUERY 3993600 pairs=35824662 sec=2642.18 qps=1511.48 link_recall=0.986518
QUERY 4096000 pairs=36736164 sec=2706.34 qps=1513.48 link_recall=0.986545
QUERY 4198400 pairs=37656786 sec=2772.85 qps=1514.11 link_recall=0.986526
QUERY 4300800 pairs=38581880 sec=2839.22 qps=1514.78 link_recall=0.986543
QUERY 4403200 pairs=39489271 sec=2902.41 qps=1517.09 link_recall=0.986537
QUERY 4505600 pairs=40408701 sec=2986.41 qps=1508.7 link_recall=0.986532
QUERY 4608000 pairs=41335118 sec=3063.08 qps=1504.37 link_recall=0.986538
QUERY 4710400 pairs=42246546 sec=3131.95 qps=1503.98 link_recall=0.986544
QUERY 4812800 pairs=43165029 sec=3203.89 qps=1502.17 link_recall=0.98655
QUERY 4915200 pairs=44089168 sec=3278.42 qps=1499.26 link_recall=0.986536
QUERY 5017600 pairs=44995733 sec=3351.45 qps=1497.14 link_recall=0.986544
QUERY 5120000 pairs=45917238 sec=3426.11 qps=1494.41 link_recall=0.986505
QUERY 5222400 pairs=46836324 sec=3504.37 qps=1490.25 link_recall=0.986477
QUERY 5324800 pairs=47750827 sec=3585.36 qps=1485.15 link_recall=0.986438
QUERY 5427200 pairs=48669641 sec=3660.24 qps=1482.74 link_recall=0.986417
QUERY 5529600 pairs=49590375 sec=3729.12 qps=1482.82 link_recall=0.986391
QUERY 5632000 pairs=50506198 sec=3803.99 qps=1480.55 link_recall=0.986361
QUERY 5734400 pairs=51420721 sec=3872.27 qps=1480.89 link_recall=0.986336
QUERY 5836800 pairs=52333673 sec=3946.38 qps=1479.03 link_recall=0.986307
QUERY 5939200 pairs=53258121 sec=4019.04 qps=1477.77 link_recall=0.986276
QUERY 6041600 pairs=54168036 sec=4088.8 qps=1477.6 link_recall=0.986265
QUERY 6144000 pairs=55092827 sec=4159.35 qps=1477.15 link_recall=0.986235
QUERY 6246400 pairs=56004961 sec=4231.5 qps=1476.17 link_recall=0.986203
QUERY 6348800 pairs=56920867 sec=4302.36 qps=1475.65 link_recall=0.986187
QUERY 6451200 pairs=57837560 sec=4387.95 qps=1470.21 link_recall=0.986166
QUERY 6553600 pairs=58755894 sec=4461.04 qps=1469.07 link_recall=0.986153
QUERY 6656000 pairs=59664378 sec=4532.36 qps=1468.55 link_recall=0.986128
QUERY 6758400 pairs=60584625 sec=4605.16 qps=1467.57 link_recall=0.986112
QUERY 6860800 pairs=61501527 sec=4676.63 qps=1467.04 link_recall=0.986091
QUERY 6963200 pairs=62418865 sec=4747.52 qps=1466.7 link_recall=0.986084
QUERY 7065600 pairs=63331315 sec=4817.86 qps=1466.54 link_recall=0.986067
QUERY 7168000 pairs=64250654 sec=4888.47 qps=1466.31 link_recall=0.986049
QUERY 7270400 pairs=65169225 sec=4955.23 qps=1467.22 link_recall=0.986026
QUERY 7372800 pairs=66089238 sec=5023.1 qps=1467.78 link_recall=0.986008
QUERY 7475200 pairs=66999437 sec=5093.76 qps=1467.52 link_recall=0.985996
QUERY 7577600 pairs=67916674 sec=5167.79 qps=1466.31 link_recall=0.985977
QUERY 7680000 pairs=68835623 sec=5242.55 qps=1464.94 link_recall=0.98597
QUERY 7782400 pairs=69747228 sec=5315.89 qps=1463.99 link_recall=0.985952
QUERY 7884800 pairs=70669997 sec=5390.54 qps=1462.71 link_recall=0.985946
QUERY 7987200 pairs=71589564 sec=5467.35 qps=1460.89 link_recall=0.98593
QUERY 8089600 pairs=72501731 sec=5536.3 qps=1461.19 link_recall=0.985907
QUERY 8192000 pairs=73418707 sec=5605.51 qps=1461.42 link_recall=0.985896
QUERY 8294400 pairs=74340770 sec=5684.44 qps=1459.14 link_recall=0.985885
QUERY 8396800 pairs=75250328 sec=5808.29 qps=1445.66 link_recall=0.985864
QUERY 8499200 pairs=76172052 sec=6005.11 qps=1415.33 link_recall=0.985855
QUERY 8601600 pairs=77080738 sec=6177.23 qps=1392.47 link_recall=0.985842
QUERY 8704000 pairs=78000700 sec=6323.09 qps=1376.54 link_recall=0.985831
QUERY 8806400 pairs=78924653 sec=6475.44 qps=1359.97 link_recall=0.985818
QUERY 8908800 pairs=79831407 sec=6616.84 qps=1346.38 link_recall=0.985803
QUERY 9011200 pairs=80754686 sec=6751.33 qps=1334.73 link_recall=0.985796
QUERY 9113600 pairs=81665009 sec=6846.67 qps=1331.1 link_recall=0.985787
QUERY 9216000 pairs=82585841 sec=6904.14 qps=1334.85 link_recall=0.98578
QUERY 9318400 pairs=83505190 sec=6954.74 qps=1339.86 link_recall=0.985771
QUERY 9420800 pairs=84417525 sec=7013.86 qps=1343.17 link_recall=0.985757
QUERY 9523200 pairs=85333740 sec=7085.34 qps=1344.07 link_recall=0.985745
QUERY 9625600 pairs=86254770 sec=7160.9 qps=1344.19 link_recall=0.98574
QUERY 9728000 pairs=87166866 sec=7232.05 qps=1345.12 link_recall=0.98573
QUERY 9830400 pairs=88082463 sec=7308.17 qps=1345.13 link_recall=0.985721
QUERY 9932800 pairs=89002328 sec=7383 qps=1345.36 link_recall=0.985717
QUERY 10035200 pairs=89917594 sec=7458.02 qps=1345.56 link_recall=0.985704
QUERY 10137600 pairs=90833604 sec=7532.06 qps=1345.93 link_recall=0.985691
QUERY 10240000 pairs=91748900 sec=7607.47 qps=1346.05 link_recall=0.985684
DONE queries=10320219 pairs=92453702 link_recall=0.985681
