DENSE_PAIRS 41280876
INDEX 200000 terms=742935
INDEX 400000 terms=1203480
INDEX 600000 terms=1622020
INDEX 800000 terms=2016337
INDEX 1000000 terms=2394427
INDEX 1200000 terms=2760194
INDEX 1400000 terms=3117408
INDEX 1600000 terms=3466540
INDEX 1800000 terms=3808941
INDEX 2000000 terms=4145815
INDEX 2200000 terms=4477423
INDEX_COMPLETE anchors=2206821 terms=4488701 seconds=17.1672
QUERY 102400 pairs=1230680 sec=103.413 qps=990.207 link_recall=0.985204
QUERY 204800 pairs=2413672 sec=203.542 qps=1006.18 link_recall=0.985318
QUERY 307200 pairs=3605411 sec=303.42 qps=1012.46 link_recall=0.985159
QUERY 409600 pairs=4788949 sec=9508.63 qps=43.0767 link_recall=0.985175
QUERY 512000 pairs=5985181 sec=9624.06 qps=53.2 link_recall=0.985284
QUERY 614400 pairs=7195903 sec=9730.55 qps=63.1413 link_recall=0.985188
QUERY 716800 pairs=8383580 sec=9835.74 qps=72.877 link_recall=0.985113
QUERY 819200 pairs=9568288 sec=9912.97 qps=82.6392 link_recall=0.985117
QUERY 921600 pairs=10775841 sec=9955.43 qps=92.5726 link_recall=0.985054
QUERY 1024000 pairs=11972592 sec=9996.93 qps=102.431 link_recall=0.985129
QUERY 1126400 pairs=13157796 sec=10035.6 qps=112.24 link_recall=0.985074
QUERY 1228800 pairs=14346963 sec=10075.3 qps=121.962 link_recall=0.98512
QUERY 1331200 pairs=15543283 sec=10115.9 qps=131.595 link_recall=0.985102
QUERY 1433600 pairs=16740653 sec=10158.1 qps=141.129 link_recall=0.985108
QUERY 1536000 pairs=17934309 sec=10203.8 qps=150.532 link_recall=0.985153
QUERY 1638400 pairs=19139581 sec=10246.3 qps=159.902 link_recall=0.985124
QUERY 1740800 pairs=20327862 sec=10288.1 qps=169.206 link_recall=0.985127
QUERY 1843200 pairs=21515292 sec=10330 qps=178.432 link_recall=0.98511
QUERY 1945600 pairs=22704852 sec=10372.2 qps=187.578 link_recall=0.985127
QUERY 2048000 pairs=23907414 sec=10415.3 qps=196.635 link_recall=0.985128
QUERY 2150400 pairs=25103149 sec=10458 qps=205.623 link_recall=0.98516
QUERY 2252800 pairs=26300074 sec=10500.8 qps=214.536 link_recall=0.985163
QUERY 2355200 pairs=27490433 sec=10543.9 qps=223.37 link_recall=0.985171
QUERY 2457600 pairs=28674322 sec=10589.3 qps=232.082 link_recall=0.985163
QUERY 2560000 pairs=29878470 sec=10633.4 qps=240.751 link_recall=0.985179
QUERY 2662400 pairs=31075264 sec=10677.6 qps=249.344 link_recall=0.985171
QUERY 2764800 pairs=32271080 sec=10720.1 qps=257.907 link_recall=0.985162
QUERY 2867200 pairs=33464420 sec=10762.3 qps=266.412 link_recall=0.985158
QUERY 2969600 pairs=34666882 sec=10803.4 qps=274.875 link_recall=0.985172
QUERY 3072000 pairs=35857778 sec=10844.2 qps=283.286 link_recall=0.985144
QUERY 3174400 pairs=37042010 sec=10887.1 qps=291.576 link_recall=0.985115
QUERY 3276800 pairs=38232292 sec=10935.4 qps=299.651 link_recall=0.985124
QUERY 3379200 pairs=39446706 sec=10984.8 qps=307.624 link_recall=0.98511
QUERY 3481600 pairs=40631297 sec=11029.1 qps=315.674 link_recall=0.985117
QUERY 3584000 pairs=41824276 sec=11069.8 qps=323.765 link_recall=0.985074
QUERY 3686400 pairs=43023599 sec=11112.2 qps=331.744 link_recall=0.985071
QUERY 3788800 pairs=44208572 sec=11155.8 qps=339.626 link_recall=0.985081
QUERY 3891200 pairs=45403317 sec=11200.8 qps=347.404 link_recall=0.985079
QUERY 3993600 pairs=46599079 sec=11244.8 qps=355.15 link_recall=0.985067
QUERY 4096000 pairs=47793880 sec=11290.3 qps=362.788 link_recall=0.985094
QUERY 4198400 pairs=48988220 sec=11337.6 qps=370.307 link_recall=0.985074
QUERY 4300800 pairs=50175765 sec=11387.3 qps=377.684 link_recall=0.985085
QUERY 4403200 pairs=51375424 sec=11436.4 qps=385.018 link_recall=0.985076
QUERY 4505600 pairs=52568122 sec=11478.2 qps=392.534 link_recall=0.985061
QUERY 4608000 pairs=53769500 sec=11519.2 qps=400.028 link_recall=0.985072
QUERY 4710400 pairs=54961028 sec=11560 qps=407.473 link_recall=0.985097
QUERY 4812800 pairs=56149610 sec=11600.4 qps=414.882 link_recall=0.985101
QUERY 4915200 pairs=57346575 sec=11640.6 qps=422.246 link_recall=0.985089
QUERY 5017600 pairs=58541784 sec=11680.7 qps=429.563 link_recall=0.985108
QUERY 5120000 pairs=59730194 sec=11720.6 qps=436.838 link_recall=0.985085
QUERY 5222400 pairs=60925632 sec=11760.8 qps=444.051 link_recall=0.985081
QUERY 5324800 pairs=62124772 sec=11801.4 qps=451.203 link_recall=0.985074
QUERY 5427200 pairs=63317995 sec=11843.5 qps=458.241 link_recall=0.985082
QUERY 5529600 pairs=64510209 sec=11887.8 qps=465.147 link_recall=0.985067
QUERY 5632000 pairs=65696424 sec=11932.3 qps=471.994 link_recall=0.985042
QUERY 5734400 pairs=66894123 sec=11976.7 qps=478.798 link_recall=0.985036
QUERY 5836800 pairs=68087820 sec=12019.3 qps=485.62 link_recall=0.985013
QUERY 5939200 pairs=69284138 sec=12063.8 qps=492.314 link_recall=0.984996
QUERY 6041600 pairs=70478753 sec=12118.2 qps=498.556 link_recall=0.984997
QUERY 6144000 pairs=71667259 sec=12169.9 qps=504.854 link_recall=0.984975
QUERY 6246400 pairs=72849730 sec=12225.2 qps=510.943 link_recall=0.98496
QUERY 6348800 pairs=74051430 sec=12272.7 qps=517.31 link_recall=0.984947
QUERY 6451200 pairs=75243925 sec=12318.2 qps=523.712 link_recall=0.984939
QUERY 6553600 pairs=76435162 sec=12363.8 qps=530.065 link_recall=0.984932
QUERY 6656000 pairs=77635295 sec=12409.4 qps=536.368 link_recall=0.98492
QUERY 6758400 pairs=78826141 sec=12453.4 qps=542.695 link_recall=0.984914
QUERY 6860800 pairs=80022464 sec=12497.8 qps=548.959 link_recall=0.984897
QUERY 6963200 pairs=81212270 sec=12543 qps=555.146 link_recall=0.984897
QUERY 7065600 pairs=82405066 sec=12587.9 qps=561.3 link_recall=0.984896
QUERY 7168000 pairs=83597161 sec=12630.1 qps=567.535 link_recall=0.984894
QUERY 7270400 pairs=84790019 sec=12674.3 qps=573.634 link_recall=0.984885
QUERY 7372800 pairs=85980060 sec=12716.7 qps=579.775 link_recall=0.984874
QUERY 7475200 pairs=87182390 sec=12764.9 qps=585.606 link_recall=0.984875
QUERY 7577600 pairs=88365286 sec=12811.4 qps=591.474 link_recall=0.984862
QUERY 7680000 pairs=89550026 sec=12859.9 qps=597.205 link_recall=0.984867
QUERY 7782400 pairs=90763811 sec=12905.1 qps=603.047 link_recall=0.984866
QUERY 7884800 pairs=91952998 sec=12952 qps=608.769 link_recall=0.98487
QUERY 7987200 pairs=93139199 sec=12993.8 qps=614.691 link_recall=0.984859
QUERY 8089600 pairs=94335378 sec=13035.7 qps=620.572 link_recall=0.984844
QUERY 8192000 pairs=95528818 sec=13078 qps=626.396 link_recall=0.984836
QUERY 8294400 pairs=96715321 sec=13119.6 qps=632.212 link_recall=0.984831
QUERY 8396800 pairs=97903756 sec=13161.5 qps=637.98 link_recall=0.984824
QUERY 8499200 pairs=99112984 sec=13203.3 qps=643.718 link_recall=0.98482
QUERY 8601600 pairs=100308602 sec=13244.8 qps=649.431 link_recall=0.98481
QUERY 8704000 pairs=101497709 sec=13286.8 qps=655.087 link_recall=0.984808
QUERY 8806400 pairs=102683442 sec=13332.1 qps=660.539 link_recall=0.984804
QUERY 8908800 pairs=103867671 sec=13374.9 qps=666.085 link_recall=0.984801
QUERY 9011200 pairs=105079091 sec=13417.2 qps=671.617 link_recall=0.984803
QUERY 9113600 pairs=106266648 sec=13458.5 qps=677.163 link_recall=0.984799
QUERY 9216000 pairs=107458892 sec=13504.8 qps=682.423 link_recall=0.984798
QUERY 9318400 pairs=108644166 sec=13553.7 qps=687.516 link_recall=0.984795
QUERY 9420800 pairs=109857833 sec=13599.1 qps=692.752 link_recall=0.984795
QUERY 9523200 pairs=111039500 sec=13640.5 qps=698.155 link_recall=0.984786
QUERY 9625600 pairs=112231277 sec=13682.3 qps=703.506 link_recall=0.984782
QUERY 9728000 pairs=113426012 sec=13727.1 qps=708.67 link_recall=0.98478
QUERY 9830400 pairs=114627951 sec=13769.8 qps=713.91 link_recall=0.984779
QUERY 9932800 pairs=115816644 sec=13810.8 qps=719.207 link_recall=0.984778
QUERY 10035200 pairs=117001793 sec=13853.3 qps=724.393 link_recall=0.984765
QUERY 10137600 pairs=118189005 sec=13895.3 qps=729.573 link_recall=0.984755
QUERY 10240000 pairs=119393816 sec=13940.2 qps=734.564 link_recall=0.984754
DONE queries=10320219 pairs=120303028 link_recall=0.984755
