0:	learn: 0.5460249	test: 0.5461300	best: 0.5461300 (0)	total: 578ms	remaining: 19m 15s
500:	learn: 0.0176854	test: 0.0182627	best: 0.0182627 (500)	total: 4m 7s	remaining: 12m 19s
Stopped by overfitting detector  (100 iterations wait)

bestTest = 0.01819387463
bestIteration = 677

Shrink model to first 678 iterations.
{
  "knobs": {
    "missing": 0.4,
    "empty_scale": 3,
    "min_margin": 0.015,
    "floor": 0.0
  },
  "tuning_85_89": 0.9887265945471937,
  "importance": {
    "p": 2.265808537581794,
    "rank_p": 6.708841250808038,
    "ce": 10.877384925611159,
    "rank_ce": 5.100028787650536,
    "other_p": 1.967889595706447,
    "other_ce": 10.450461456273073,
    "ce_gap": 5.469615132218792,
    "p_gap": 6.010911490730291,
    "q_best": 26.699193219147034,
    "n_cand": 0.0,
    "ce2": 0.4183088460515596,
    "other_ce2": 1.178319880947325,
    "ce_gap2": 0.17993700176346425,
    "has_ce2": 0.2576583634346701,
    "ce3": 0.5904954091003112,
    "other_ce3": 2.7594035201851677,
    "ce_gap3": 1.1451896820666108,
    "has_ce3": 0.18369517090605755,
    "ce4": 1.402559589221741,
    "other_ce4": 3.5628397831289056,
    "ce_gap4": 1.3599529704897464,
    "has_ce4": 0.0,
    "conf_all": 0.6718069585667676,
    "conf_same_src": 2.539087113273957,
    "sibling_name_eq": 0.5764104435586134,
    "target_no_addr": 0.9155481227833346,
    "twins_other_src": 0.483695208779742,
    "twins_same_src": 0.3803449097118613,
    "addr_crowding": 1.69141143810053,
    "addr_missing": 2.151628040928443,
    "anchor_load": 1.8098281925677162,
    "twins_confident_same_anchor": 0.1917449587063229
  },
  "v3_decoder_90_99": {
    "macro_f05": 0.9809203333879958,
    "precision": 0.9939170884504719,
    "recall": 0.9578608828662758,
    "links": 737147,
    "singleton_false_merges": 272,
    "by_country": {
      "India": 0.9762072102939925,
      "US": 0.9840432513675579
    }
  },
  "v5_90_99": {
    "macro_f05": 0.9870699816270712,
    "precision": 0.9972952821144799,
    "recall": 0.9670098510253041,
    "links": 741667,
    "singleton_false_merges": 141,
    "by_country": {
      "India": 0.9852542729067366,
      "US": 0.9882730712335352
    }
  },
  "v6_90_99": {
    "macro_f05": 0.9886524405506707,
    "precision": 0.99832770515907,
    "recall": 0.96934873413998,
    "links": 742692,
    "singleton_false_merges": 91,
    "by_country": {
      "India": 0.9868142521044186,
      "US": 0.9898704252360119
    }
  },
  "paired_gain_vs_v3": {
    "mean": 0.007732107162674962,
    "se": 0.0001298160258476406
  },
  "paired_gain_vs_reference": {
    "reference": "artifacts_v3/stage2_v7a_pp/val_entity_f.npy",
    "mean": 0.00037637565984627894,
    "se": 4.249008714800453e-05,
    "better": 1107,
    "worse": 486
  }
}
TEST_EXPORTED links 5830224
